// Jest Snapshot v1, https://goo.gl/fbAQLP

exports[`MessageList Snapshot Tests should render the MessageList component 1`] = `
<div
  className="row col-sm-8"
>
  <div
    className="offset-1 col-sm-10"
  >
    <ul
      className="list-group"
      id="messages"
    />
  </div>
</div>
`;
